// Jest Snapshot v1, https://goo.gl/fbAQLP

exports[`should render EditExpensePage 1`] = `
<div>
  <div
    className="page-header"
  >
    <div
      className="content-container"
    >
      <h1
        className="page-header__title"
      >
        Edit Expense
      </h1>
    </div>
  </div>
  <div
    className="content-container"
  >
    <ExpenseForm
      expense={
        Object {
          "amount": 4500,
          "createdAt": 345600000,
          "description": "Credit Card",
          "id": "3",
          "note": "",
        }
      }
      onSubmit={[Function]}
    />
    <button
      className="button button--secondary"
      onClick={[Function]}
    >
      Remove
    </button>
    <Modal
      ariaHideApp={true}
      bodyOpenClassName="ReactModal__Body--open"
      className="modal"
      closeTimeoutMS={300}
      contentLabel="Remove Expense Modal"
      isOpen={false}
      onRequsetClose={[Function]}
      parentSelector={[Function]}
      portalClassName="ReactModalPortal"
      shouldCloseOnOverlayClick={true}
    >
      <h3
        className="modal__title"
      >
        Do you want to remove the Expense?
      </h3>
      <div
        className="modal__body"
      >
        <button
          className="button button--green"
          onClick={[Function]}
        >
          Yes
        </button>
        <button
          className="button button--red"
          onClick={[Function]}
        >
          No
        </button>
      </div>
    </Modal>
  </div>
</div>
`;
